[rometheme.net/html/qoni/index.html]
[backblue.gif]
[fade.gif]
[index.html]
[rometheme.net/html/qoni/img/favicon.ico]
[rometheme.net/html/qoni/css/bootstrap.min.css]
[rometheme.net/html/qoni/css/owl.carousel.min.css]
[rometheme.net/html/qoni/css/animate.min.css]
[rometheme.net/html/qoni/css/fontawesome-all.min.css]
[rometheme.net/html/qoni/css/meanmenu.css]
[rometheme.net/html/qoni/css/slick.css]
[rometheme.net/html/qoni/css/default.css]
[rometheme.net/html/qoni/css/style.css]
[rometheme.net/html/qoni/css/responsive.css]
[rometheme.net/google_analytics_auto.js]
[rometheme.net/html/qoni/index-2.html]
[rometheme.net/html/qoni/img/logo.png]
[rometheme.net/html/qoni/img/bulb_icon.png]
[rometheme.net/html/qoni/img/daimond.png]
[rometheme.net/html/qoni/img/monitor.png]
[rometheme.net/html/qoni/img/support_icon.png]
[rometheme.net/html/qoni/img/autor.jpg]
[rometheme.net/html/qoni/portfolio.html]
[rometheme.net/html/qoni/img/latestwork/1.jpg]
[rometheme.net/html/qoni/img/latestwork/4.jpg]
[rometheme.net/html/qoni/img/latestwork/5.jpg]
[rometheme.net/html/qoni/img/latestwork/2.jpg]
[rometheme.net/html/qoni/img/latestwork/3.jpg]
[rometheme.net/html/qoni/img/latestwork/6.jpg]
[rometheme.net/html/qoni/img/testimonial/autor1.jpg]
[rometheme.net/html/qoni/img/testimonial/autor3.jpg]
[rometheme.net/html/qoni/img/testimonial/autor2.jpg]
[rometheme.net/html/qoni/js/popper.min.js]
[rometheme.net/html/qoni/js/bootstrap.min.js]
[rometheme.net/html/qoni/js/owl.carousel.min.js]
[rometheme.net/html/qoni/js/vendor/jquery-1.12.4.min.js]
[rometheme.net/html/qoni/js/jquery.meanmenu.min.js]
[rometheme.net/html/qoni/js/ajax-form.js]
[rometheme.net/html/qoni/js/slick.min.js]
[rometheme.net/html/qoni/js/wow.min.js]
[rometheme.net/html/qoni/js/jquery.scrollUp.min.js]
[rometheme.net/html/qoni/js/plugins.js]
[rometheme.net/html/qoni/index.html]
[rometheme.net/html/qoni/css/bootstrap.min.css]
[rometheme.net/html/qoni/js/main.js]
[rometheme.net/html/qoni/css/owl.video.play.png]
[rometheme.net/html/qoni/css/owl.carousel.min.css]
[rometheme.net/html/qoni/css/animate.min.css]
[rometheme.net/html/qoni/fonts/fa-brands-400.eot]
[rometheme.net/html/qoni/fonts/fa-brands-400d41d.eot]
[rometheme.net/html/qoni/fonts/fa-brands-400.woff]
[rometheme.net/html/qoni/fonts/fa-brands-400.woff2]
[rometheme.net/html/qoni/fonts/fa-brands-400.ttf]
[rometheme.net/html/qoni/fonts/fa-regular-400.eot]
[rometheme.net/html/qoni/fonts/fa-regular-400.woff2]
[rometheme.net/html/qoni/fonts/fa-regular-400d41d.eot]
[rometheme.net/html/qoni/fonts/fa-regular-400.woff]
[rometheme.net/html/qoni/fonts/fa-regular-400.ttf]
[rometheme.net/html/qoni/fonts/fa-solid-900.eot]
[rometheme.net/html/qoni/fonts/fa-solid-900d41d.eot]
[rometheme.net/html/qoni/fonts/fa-solid-900.woff]
[rometheme.net/html/qoni/fonts/fa-solid-900.woff2]
[rometheme.net/html/qoni/fonts/fa-solid-900.ttf]
[rometheme.net/html/qoni/css/fontawesome-all.min.css]
[rometheme.net/html/qoni/css/meanmenu.css]
[rometheme.net/html/qoni/css/slick.css]
[rometheme.net/html/qoni/css/default.css]
[rometheme.net/html/qoni/img/slider.jpg]
[rometheme.net/html/qoni/img/breadcumd.jpg]
[rometheme.net/html/qoni/css/style.css]
[rometheme.net/html/qoni/css/responsive.css]
[rometheme.net/google_analytics_auto.html]
[rometheme.net/html/qoni/index-2.html]
[rometheme.net/html/qoni/img/porflolio-big.jpg]
[rometheme.net/html/qoni/img/portfolio1.jpg]
[rometheme.net/html/qoni/portfolio.html]
[rometheme.net/html/qoni/css/owl.video.play.html]
[rometheme.net/html/qoni/fonts/fa-brands-400.svg]
[rometheme.net/html/qoni/fonts/fa-regular-400.svg]
[rometheme.net/html/qoni/fonts/fa-solid-900.svg]
